IDENT (test1)
IDENT (test2)
IDENT (test3)
IDENT (test4)
IDENT (foo)
IDENT (test4)
IDENT (test5)
IDENT (test6)
IDENT (test6)
IDENT (test6)
IDENT (test7)
IDENT (test8)
EOF