StringLiteral ("")
StringLiteral ("a")
StringLiteral ("abc")
StringLiteral ("abcdefgh")
StringLiteral ("\"")
StringLiteral ("\t")
StringLiteral ("\7")
StringLiteral ("\77")
StringLiteral ("\177")
StringLiteral ("\355")
StringLiteral ("this is a string")
EOF