FloatingPointLiteral (10)
FloatingPointLiteral (2)
FloatingPointLiteral (0.300000011920929)
FloatingPointLiteral (0)
FloatingPointLiteral (3.14000010490417)
FloatingPointLiteral (6.02213704067015E+23)
FloatingPointLiteral (0.0625)
FloatingPointLiteral (17.06640625)
FloatingPointLiteral (8)
FloatingPointLiteral (32)
FloatingPointLiteral (1.53631052533552E+244)
FloatingPointLiteral (1.36004154706646E+24)
FloatingPointLiteral (6.1897001964269E+26)
FloatingPointLiteral (3.09485009821345E+26)
FloatingPointLiteral (5.80766017035364E+39)
FloatingPointLiteral (2.64697796016969E-21)
EOF