IntegerLiteral (2147483647)
IDENT (test2)
IntegerLiteral (-2147483648)
IntegerLiteral (-2147483648)
IntegerLiteral (-2147483648)
IDENT (test3)
IntegerLiteral (4294967295)
IntegerLiteral (4294967295)
IntegerLiteral (4294967295)
IDENT (test4)
IntegerLiteral (9223372036854775807)
IntegerLiteral (9223372036854775807)
IntegerLiteral (9223372036854775807)
IDENT (test5)
IntegerLiteral (-9223372036854775808)
IntegerLiteral (-9223372036854775808)
IntegerLiteral (-9223372036854775808)
IDENT (test6)
IntegerLiteral (-1)
IntegerLiteral (-1)
IntegerLiteral (-1)
IDENT (test7)
IntegerLiteral (0)
IntegerLiteral (2)
IntegerLiteral (250)
IntegerLiteral (-623195394)
IntegerLiteral (1996)
IntegerLiteral (16711935)
IDENT (test8)
IntegerLiteral (0)
IntegerLiteral (511)
IntegerLiteral (4294967296)
IntegerLiteral (2147483648)
IntegerLiteral (49328)
EOF