IDENT (asaadaded)
IDENT (Enter)
IDENT (whitespace)
IDENT (text)
EscapeSequence (\f)
IDENT (text)
EOF
