IntegerLiteral (2)
IntegerLiteral (26)
IntegerLiteral (0)
IntegerLiteral (511)
IntegerLiteral (0)
IntegerLiteral (42)
IntegerLiteral (42)
IntegerLiteral (0)
IntegerLiteral (2716)
IntegerLiteral (9223372036854775807)
IntegerLiteral (9223372036854775807)
IntegerLiteral (-9223372036854775808)
IntegerLiteral (-9223372036854775808)
EOF