IntegerLiteral (16777216)
IntegerLiteral (82)
IntegerLiteral (134217727)
IntegerLiteral (-2147483648)
IntegerLiteral (-1)
IntegerLiteral (1048576)
IntegerLiteral (1048576)
IntegerLiteral (-9223372036854775808)
IntegerLiteral (-9223372036854775808)
IntegerLiteral (-623195394)
IntegerLiteral (16711935)
EOF