IntegerLiteral (0)
IntegerLiteral (123)
IntegerLiteral (12)
IntegerLiteral (12391)
IntegerLiteral (999)
IntegerLiteral (9)
IntegerLiteral (123456)
EOF