'('
')'
'{'
'}'
'['
']'
';'
','
'.'
ELLIPSIS
'@'
DOUBLE_COLON
EOF